2026-02-28 16:56:03,243 - INFO - ======================================================================
2026-02-28 16:56:03,243 - INFO - SALES PREDICTION PIPELINE V3 FINAL INITIALIZED
2026-02-28 16:56:03,243 - INFO - Data Version: V3
2026-02-28 16:56:03,243 - INFO - ======================================================================
2026-02-28 16:56:03,244 - INFO - STARTING PIPELINE V3
2026-02-28 16:56:03,254 - INFO - Data loaded: Sales_Transactions_Dataset_Weekly - V3.csv
2026-02-28 16:56:03,255 - INFO - Data: 107 cols, 1104 rows
2026-02-28 16:56:03,255 - INFO - Found 52 weeks: W0 to W51
2026-02-28 16:56:03,267 - INFO - Processed: 52 rows
2026-02-28 16:56:03,278 - INFO - Split: Train=36, Val=6, Test=10
2026-02-28 16:56:03,283 - INFO - Linear Regression: MAE=389885.59, RMSE=419440.29, R2=-5513956.3087, MAPE=2951.93%, Weighted=279716.43
2026-02-28 16:56:03,285 - INFO - Ridge Regression: MAE=30922.06, RMSE=35356.18, R2=-39178.0276, MAPE=235.65%, Weighted=22602.96
2026-02-28 16:56:03,288 - INFO - Lasso Regression: MAE=388043.08, RMSE=417476.34, R2=-5462441.0432, MAPE=2937.99%, Weighted=278398.20
2026-02-28 16:56:03,757 - INFO - Random Forest: MAE=76277.89, RMSE=131723.57, R2=-543812.6058, MAPE=584.57%, Weighted=64659.03
2026-02-28 16:56:03,829 - INFO - Gradient Boosting: MAE=100782.76, RMSE=174232.93, R2=-951443.7682, MAPE=772.38%, Weighted=85469.68
2026-02-28 16:56:03,830 - INFO - BEST: Ridge Regression (score=22602.96)
2026-02-28 16:56:03,835 - INFO - TEST - Ridge Regression: MAE=189101.39, RMSE=220771.84, R2=-465241.3573, MAPE=1332.20%
2026-02-28 16:56:03,835 - WARNING - OVERFITTING DETECTED
2026-02-28 16:56:03,835 - INFO - WALK FORWARD VALIDATION
2026-02-28 16:56:03,848 - INFO - Linear Regression: MAE=389885.59, RMSE=419440.29, R2=-5513956.3087, MAPE=2951.93%, Weighted=279716.43
2026-02-28 16:56:03,851 - INFO - Ridge Regression: MAE=30922.06, RMSE=35356.18, R2=-39178.0276, MAPE=235.65%, Weighted=22602.96
2026-02-28 16:56:03,852 - INFO - Lasso Regression: MAE=388043.08, RMSE=417476.34, R2=-5462441.0432, MAPE=2937.99%, Weighted=278398.20
2026-02-28 16:56:04,286 - INFO - Random Forest: MAE=76277.89, RMSE=131723.57, R2=-543812.6058, MAPE=584.57%, Weighted=64659.03
2026-02-28 16:56:04,359 - INFO - Gradient Boosting: MAE=100782.76, RMSE=174232.93, R2=-951443.7682, MAPE=772.38%, Weighted=85469.68
2026-02-28 16:56:04,360 - INFO - BEST: Ridge Regression (score=22602.96)
2026-02-28 16:56:04,362 - INFO - TEST - Ridge Regression: MAE=189101.39, RMSE=220771.84, R2=-465241.3573, MAPE=1332.20%
2026-02-28 16:56:04,375 - INFO - Linear Regression: MAE=318018.04, RMSE=343877.31, R2=-4972364.6067, MAPE=2461.02%, Weighted=228522.79
2026-02-28 16:56:04,376 - INFO - Ridge Regression: MAE=105651.21, RMSE=105929.96, R2=-471837.7291, MAPE=820.38%, Weighted=74257.71
2026-02-28 16:56:04,378 - INFO - Lasso Regression: MAE=317676.97, RMSE=343423.26, R2=-4959242.4403, MAPE=2458.39%, Weighted=228260.66
2026-02-28 16:56:04,855 - INFO - Random Forest: MAE=89152.55, RMSE=140251.74, R2=-827126.6165, MAPE=701.70%, Weighted=72837.13
2026-02-28 16:56:04,883 - INFO - Gradient Boosting: MAE=90562.52, RMSE=142605.51, R2=-855122.0416, MAPE=712.81%, Weighted=74016.20
2026-02-28 16:56:04,884 - INFO - BEST: Random Forest (score=72837.13)
2026-02-28 16:56:04,935 - INFO - TEST - Random Forest: MAE=75784.49, RMSE=139154.06, R2=-85839.8376, MAPE=545.01%
2026-02-28 16:56:04,948 - INFO - Linear Regression: MAE=205745.83, RMSE=224242.88, R2=-1224935.5115, MAPE=1684.59%, Weighted=148226.87
2026-02-28 16:56:04,949 - INFO - Ridge Regression: MAE=181168.63, RMSE=183767.92, R2=-822650.0976, MAPE=1489.04%, Weighted=127784.61
2026-02-28 16:56:04,951 - INFO - Lasso Regression: MAE=212369.08, RMSE=230977.21, R2=-1299613.3877, MAPE=1738.97%, Weighted=152901.67
2026-02-28 16:56:05,386 - INFO - Random Forest: MAE=145864.12, RMSE=177180.98, R2=-764733.0926, MAPE=1214.94%, Weighted=108732.74
2026-02-28 16:56:05,435 - INFO - Gradient Boosting: MAE=153602.04, RMSE=217149.74, R2=-1148667.9554, MAPE=1286.45%, Weighted=120616.90
2026-02-28 16:56:05,436 - INFO - BEST: Random Forest (score=108732.74)
2026-02-28 16:56:05,495 - INFO - TEST - Random Forest: MAE=64903.89, RMSE=124974.89, R2=-48878.0152, MAPE=476.73%
2026-02-28 16:56:05,495 - INFO - WFW: MAE=109929.93 ± 56158.63
2026-02-28 16:56:05,504 - INFO - Model saved: c:\Users\maamo\OneDrive\Desktop\AI system for sales and income (weekly) for a small shopbusiness V2 - Copy\outputs\run_20260228_165603\best_model_Random_Forest.pkl
