2026-02-28 15:44:01,454 - INFO - ======================================================================
2026-02-28 15:44:01,454 - INFO - SALES PREDICTION PIPELINE V3 FINAL INITIALIZED
2026-02-28 15:44:01,455 - INFO - Data Version: V3
2026-02-28 15:44:01,455 - INFO - Mode: full
2026-02-28 15:44:01,455 - INFO - Random Seed: 42
2026-02-28 15:44:01,455 - INFO - ======================================================================
2026-02-28 15:44:01,455 - INFO - ======================================================================
2026-02-28 15:44:01,455 - INFO - STARTING SALES PREDICTION PIPELINE V3 FINAL
2026-02-28 15:44:01,456 - INFO - Data Version: V3
2026-02-28 15:44:01,456 - INFO - ======================================================================
2026-02-28 15:44:01,467 - INFO - Data loaded from: Sales_Transactions_Dataset_Weekly - V3.csv (encoding: utf-8)
2026-02-28 15:44:01,467 - INFO - ==================================================
2026-02-28 15:44:01,467 - INFO - DATA VERSION INFO:
2026-02-28 15:44:01,467 - INFO -   - File Name: Sales_Transactions_Dataset_Weekly - V3.csv
2026-02-28 15:44:01,467 - INFO -   - Total Columns: 107
2026-02-28 15:44:01,468 - INFO -   - Total Rows: 1104
2026-02-28 15:44:01,468 - INFO - ==================================================
2026-02-28 15:44:01,468 - INFO - Data loading time: 0.01 seconds
2026-02-28 15:44:01,468 - INFO - Week sequence is continuous (no missing weeks)
2026-02-28 15:44:01,468 - INFO - Found 52 week columns: W0 to W51
2026-02-28 15:44:01,479 - WARNING - Found 2 potential outlier values (>746946.21)
2026-02-28 15:44:01,481 - INFO - Sales Statistics: Min=11274.00, Max=1159691.82, Mean=71595.29, Std=225116.97
2026-02-28 15:44:01,482 - INFO - Created base features: Week_Sin, Week_Cos, Revenue_Estimated
2026-02-28 15:44:01,482 - INFO - Processed data: 52 rows with 5 columns
2026-02-28 15:44:01,482 - INFO - Preprocessing time: 0.01 seconds
2026-02-28 15:44:01,484 - INFO - Creating time-based features after split (preventing data leakage)...
2026-02-28 15:44:01,492 - INFO - Data split (temporal, no shuffle): Train=36, Validation=6, Test=10
2026-02-28 15:44:01,494 - INFO - Scaler stored for reuse in evaluation
2026-02-28 15:44:01,494 - INFO - Training model: Linear Regression
2026-02-28 15:44:01,496 - INFO -    MAE: 389885.59 | RMSE: 419440.29 | R²: -5513956.3087 | MAPE: 2951.93%
2026-02-28 15:44:01,497 - INFO -    Weighted Score: 279716.43 | Median AE: 375307.33
2026-02-28 15:44:01,497 - INFO -    sMAPE: 200.00% | WAPE: 2959.73%
2026-02-28 15:44:01,497 - INFO - Training model: Ridge Regression
2026-02-28 15:44:01,498 - INFO -    MAE: 30922.06 | RMSE: 35356.18 | R²: -39178.0276 | MAPE: 235.65%
2026-02-28 15:44:01,498 - INFO -    Weighted Score: 22602.96 | Median AE: 33545.96
2026-02-28 15:44:01,499 - INFO -    sMAPE: 102.12% | WAPE: 234.74%
2026-02-28 15:44:01,499 - INFO - Training model: Lasso Regression
2026-02-28 15:44:01,501 - INFO -    MAE: 388043.08 | RMSE: 417476.34 | R²: -5462441.0432 | MAPE: 2937.99%
2026-02-28 15:44:01,502 - INFO -    Weighted Score: 278398.20 | Median AE: 373763.78
2026-02-28 15:44:01,502 - INFO -    sMAPE: 200.00% | WAPE: 2945.75%
2026-02-28 15:44:01,502 - INFO - Training model: Random Forest
2026-02-28 15:44:01,973 - INFO -    MAE: 76502.75 | RMSE: 131881.20 | R²: -545114.9461 | MAPE: 586.27%
2026-02-28 15:44:01,973 - INFO -    Weighted Score: 64803.50 | Median AE: 676.93
2026-02-28 15:44:01,974 - INFO -    sMAPE: 62.61% | WAPE: 580.75%
2026-02-28 15:44:01,974 - INFO - Training model: Gradient Boosting
2026-02-28 15:44:02,082 - INFO -    MAE: 100782.76 | RMSE: 174232.93 | R²: -951443.7682 | MAPE: 772.38%
2026-02-28 15:44:02,082 - INFO -    Weighted Score: 85469.68 | Median AE: 399.61
2026-02-28 15:44:02,083 - INFO -    sMAPE: 62.80% | WAPE: 765.07%
2026-02-28 15:44:02,146 - INFO - Feature Importance (Random Forest):
2026-02-28 15:44:02,146 - INFO -    Week: 0.2677
2026-02-28 15:44:02,146 - INFO -    Prev_Week: 0.0535
2026-02-28 15:44:02,147 - INFO -    MA: 0.0843
2026-02-28 15:44:02,147 - INFO -    Change: 0.0075
2026-02-28 15:44:02,147 - INFO -    Std: 0.2241
2026-02-28 15:44:02,147 - INFO -    Lag2: 0.0199
2026-02-28 15:44:02,147 - INFO -    Lag3: 0.0047
2026-02-28 15:44:02,147 - INFO -    Week_Sin: 0.0003
2026-02-28 15:44:02,147 - INFO -    Week_Cos: 0.3379
2026-02-28 15:44:02,148 - INFO - Feature Importance (Gradient Boosting):
2026-02-28 15:44:02,148 - INFO -    Week: 0.0824
2026-02-28 15:44:02,149 - INFO -    Prev_Week: 0.0002
2026-02-28 15:44:02,149 - INFO -    MA: 0.0176
2026-02-28 15:44:02,149 - INFO -    Change: 0.0000
2026-02-28 15:44:02,149 - INFO -    Std: 0.2466
2026-02-28 15:44:02,149 - INFO -    Lag2: 0.0000
2026-02-28 15:44:02,149 - INFO -    Lag3: 0.0378
2026-02-28 15:44:02,149 - INFO -    Week_Sin: 0.0002
2026-02-28 15:44:02,149 - INFO -    Week_Cos: 0.6152
2026-02-28 15:44:02,150 - INFO - Training time: 0.66 seconds
2026-02-28 15:44:02,150 - INFO - --------------------------------------------------
2026-02-28 15:44:02,150 - INFO - BEST MODEL: Ridge Regression (Weighted Score = 22602.96)
2026-02-28 15:44:02,150 - INFO - --------------------------------------------------
2026-02-28 15:44:02,154 - INFO - Using stored scaler for Ridge Regression
2026-02-28 15:44:02,155 - INFO - ==================================================
2026-02-28 15:44:02,155 - INFO - TEST SET EVALUATION - Ridge Regression
2026-02-28 15:44:02,155 - INFO - ==================================================
2026-02-28 15:44:02,156 - INFO - Mean Absolute Error (MAE): 189101.39
2026-02-28 15:44:02,156 - INFO - Root Mean Square Error (RMSE): 220771.84
2026-02-28 15:44:02,156 - INFO - Coefficient of Determination (R²): -465241.3573
2026-02-28 15:44:02,156 - INFO - Mean Absolute Percentage Error (MAPE): 1332.20%
2026-02-28 15:44:02,156 - INFO - Median Absolute Error: 177928.97
2026-02-28 15:44:02,156 - INFO - sMAPE: 200.00%
2026-02-28 15:44:02,156 - INFO - WAPE: 1349.14%
2026-02-28 15:44:02,156 - INFO - ==================================================
2026-02-28 15:44:02,157 - INFO - Test evaluation time: 0.00 seconds
2026-02-28 15:44:02,157 - INFO - ==================================================
2026-02-28 15:44:02,157 - INFO - OVERFITTING CHECK
2026-02-28 15:44:02,157 - INFO - ==================================================
2026-02-28 15:44:02,157 - WARNING - OVERFITTING DETECTED!
2026-02-28 15:44:02,157 - WARNING -   - MAE shows overfitting
2026-02-28 15:44:02,157 - WARNING -   - MAPE shows overfitting
2026-02-28 15:44:02,157 - INFO - ==================================================
2026-02-28 15:44:02,157 - INFO - WALK FORWARD VALIDATION
2026-02-28 15:44:02,158 - INFO - ==================================================
2026-02-28 15:44:02,158 - INFO - 
--- Window 1/3 ---
2026-02-28 15:44:02,159 - INFO - Window 1: Train=36, Val=6, Test=10
2026-02-28 15:44:02,159 - WARNING - Walk Forward Validation failed: "['Previous_Week_Sales', 'Moving_Average', 'Change_Rate', 'Rolling_Std', 'Lag_2', 'Lag_3'] not in index"
2026-02-28 15:44:02,161 - INFO - Best model saved: C:\Users\maamo\OneDrive\Desktop\AI system for sales and income (weekly) for a small shopbusiness V2 - Copy\outputs\run_20260228_154401\best_model_Ridge_Regression.pkl
2026-02-28 15:44:03,146 - INFO - Chart saved: C:\Users\maamo\OneDrive\Desktop\AI system for sales and income (weekly) for a small shopbusiness V2 - Copy\outputs\charts\sales_prediction_analysis_20260228_154401.png
2026-02-28 15:44:03,147 - INFO - Visualization time: 0.99 seconds
2026-02-28 15:44:15,615 - INFO - CSV saved: C:\Users\maamo\OneDrive\Desktop\AI system for sales and income (weekly) for a small shopbusiness V2 - Copy\outputs\run_20260228_154401\test_results.csv
2026-02-28 15:44:15,930 - INFO - Excel saved: C:\Users\maamo\OneDrive\Desktop\AI system for sales and income (weekly) for a small shopbusiness V2 - Copy\data\prepared\Prepared_AI_Data_Output_V3_20260228_154401.xlsx
2026-02-28 15:44:15,938 - INFO - Text report saved: C:\Users\maamo\OneDrive\Desktop\AI system for sales and income (weekly) for a small shopbusiness V2 - Copy\outputs\run_20260228_154401\prediction_report.txt
2026-02-28 15:44:15,940 - INFO - ======================================================================
2026-02-28 15:44:15,940 - INFO - PIPELINE V3 FINAL COMPLETED SUCCESSFULLY!
2026-02-28 15:44:15,940 - INFO - Total Time: 14.48 seconds
2026-02-28 15:44:15,941 - INFO - ======================================================================
