2026-02-28 15:16:12,416 - INFO - ======================================================================
2026-02-28 15:16:12,417 - INFO - SALES PREDICTION PIPELINE V3 INITIALIZED
2026-02-28 15:16:12,417 - INFO - Data Version: V3
2026-02-28 15:16:12,417 - INFO - Random Seed: 42
2026-02-28 15:16:12,417 - INFO - ======================================================================
2026-02-28 15:16:12,417 - INFO - ======================================================================
2026-02-28 15:16:12,417 - INFO - STARTING SALES PREDICTION PIPELINE V3
2026-02-28 15:16:12,418 - INFO - Data Version: V3
2026-02-28 15:16:12,418 - INFO - ======================================================================
2026-02-28 15:16:12,441 - INFO - Data loaded from: Sales_Transactions_Dataset_Weekly - V3.csv (encoding: utf-8)
2026-02-28 15:16:12,441 - INFO - ==================================================
2026-02-28 15:16:12,441 - INFO - DATA VERSION INFO:
2026-02-28 15:16:12,441 - INFO -   - File Name: Sales_Transactions_Dataset_Weekly - V3.csv
2026-02-28 15:16:12,441 - INFO -   - Total Columns: 107
2026-02-28 15:16:12,441 - INFO -   - Total Rows: 1104
2026-02-28 15:16:12,442 - INFO - ==================================================
2026-02-28 15:16:12,442 - INFO - Data loading time: 0.02 seconds
2026-02-28 15:16:12,442 - INFO - Week sequence is continuous (no missing weeks)
2026-02-28 15:16:12,442 - INFO - Found 52 week columns: W0 to W51
2026-02-28 15:16:12,451 - WARNING - Found 2 potential outlier values (>746946.21)
2026-02-28 15:16:12,451 - INFO - Sales Statistics: Min=11274.00, Max=1159691.82, Mean=71595.29, Std=225116.97
2026-02-28 15:16:12,455 - INFO - Created 10 new features
2026-02-28 15:16:12,456 - INFO - Processed data: 49 rows with 12 columns
2026-02-28 15:16:12,456 - INFO - Preprocessing time: 0.01 seconds
2026-02-28 15:16:12,458 - INFO - Data split (temporal, no shuffle): Train=32, Validation=5, Test=12
2026-02-28 15:16:12,460 - INFO - Scaler stored for reuse in evaluation
2026-02-28 15:16:12,461 - INFO - Training model: Linear Regression
2026-02-28 15:16:12,462 - INFO -    MAE: 0.00 | RMSE: 0.00 | R²: 1.0000 | MAPE: 0.00%
2026-02-28 15:16:12,463 - INFO -    Weighted Score: 0.00 | Median AE: 0.00
2026-02-28 15:16:12,463 - INFO -    sMAPE: 0.00% | WAPE: 0.00%
2026-02-28 15:16:12,463 - INFO - Training model: Ridge Regression
2026-02-28 15:16:12,464 - INFO -    MAE: 54.80 | RMSE: 77.03 | R²: 0.7822 | MAPE: 0.42%
2026-02-28 15:16:12,464 - INFO -    Weighted Score: 42.93 | Median AE: 35.05
2026-02-28 15:16:12,465 - INFO -    sMAPE: 0.42% | WAPE: 0.42%
2026-02-28 15:16:12,465 - INFO - Training model: Lasso Regression
2026-02-28 15:16:12,467 - INFO -    MAE: 16766.06 | RMSE: 18081.77 | R²: -12003.4175 | MAPE: 128.32%
2026-02-28 15:16:12,468 - INFO -    Weighted Score: 12037.88 | Median AE: 15442.99
2026-02-28 15:16:12,468 - INFO -    sMAPE: 178.57% | WAPE: 128.24%
2026-02-28 15:16:12,468 - INFO - Training model: Random Forest
2026-02-28 15:16:12,894 - INFO -    MAE: 483.27 | RMSE: 510.01 | R²: -8.5503 | MAPE: 3.68%
2026-02-28 15:16:12,894 - INFO -    Weighted Score: 344.74 | Median AE: 407.07
2026-02-28 15:16:12,894 - INFO -    sMAPE: 3.76% | WAPE: 3.70%
2026-02-28 15:16:12,895 - INFO - Training model: Gradient Boosting
2026-02-28 15:16:12,978 - INFO -    MAE: 148.29 | RMSE: 227.92 | R²: -0.9073 | MAPE: 1.12%
2026-02-28 15:16:12,978 - INFO -    Weighted Score: 120.06 | Median AE: 56.00
2026-02-28 15:16:12,978 - INFO -    sMAPE: 1.13% | WAPE: 1.13%
2026-02-28 15:16:13,027 - INFO - Feature Importance (Random Forest):
2026-02-28 15:16:13,027 - INFO -    Week: 0.1557
2026-02-28 15:16:13,027 - INFO -    Prev_Week: 0.0897
2026-02-28 15:16:13,027 - INFO -    MA: 0.1195
2026-02-28 15:16:13,027 - INFO -    Change: 0.4108
2026-02-28 15:16:13,027 - INFO -    Std: 0.0396
2026-02-28 15:16:13,028 - INFO -    Lag2: 0.0197
2026-02-28 15:16:13,028 - INFO -    Lag3: 0.0519
2026-02-28 15:16:13,028 - INFO -    Week_Sin: 0.0861
2026-02-28 15:16:13,028 - INFO -    Week_Cos: 0.0270
2026-02-28 15:16:13,029 - INFO - Feature Importance (Gradient Boosting):
2026-02-28 15:16:13,029 - INFO -    Week: 0.0002
2026-02-28 15:16:13,029 - INFO -    Prev_Week: 0.0001
2026-02-28 15:16:13,029 - INFO -    MA: 0.0001
2026-02-28 15:16:13,029 - INFO -    Change: 0.9995
2026-02-28 15:16:13,029 - INFO -    Std: 0.0000
2026-02-28 15:16:13,029 - INFO -    Lag2: 0.0000
2026-02-28 15:16:13,029 - INFO -    Lag3: 0.0000
2026-02-28 15:16:13,029 - INFO -    Week_Sin: 0.0001
2026-02-28 15:16:13,030 - INFO -    Week_Cos: 0.0000
2026-02-28 15:16:13,030 - INFO - Training time: 0.57 seconds
2026-02-28 15:16:13,030 - INFO - --------------------------------------------------
2026-02-28 15:16:13,030 - INFO - BEST MODEL: Linear Regression (Weighted Score = 0.00)
2026-02-28 15:16:13,030 - INFO - --------------------------------------------------
2026-02-28 15:16:13,034 - INFO - Using stored scaler for Linear Regression
2026-02-28 15:16:13,035 - INFO - ==================================================
2026-02-28 15:16:13,035 - INFO - TEST SET EVALUATION - Linear Regression
2026-02-28 15:16:13,035 - INFO - ==================================================
2026-02-28 15:16:13,035 - INFO - Mean Absolute Error (MAE): 0.00
2026-02-28 15:16:13,035 - INFO - Root Mean Square Error (RMSE): 0.00
2026-02-28 15:16:13,035 - INFO - Coefficient of Determination (R²): 1.0000
2026-02-28 15:16:13,036 - INFO - Mean Absolute Percentage Error (MAPE): 0.00%
2026-02-28 15:16:13,036 - INFO - Median Absolute Error: 0.00
2026-02-28 15:16:13,036 - INFO - sMAPE: 0.00%
2026-02-28 15:16:13,036 - INFO - WAPE: 0.00%
2026-02-28 15:16:13,036 - INFO - ==================================================
2026-02-28 15:16:13,036 - INFO - Test evaluation time: 0.00 seconds
2026-02-28 15:16:13,036 - INFO - ==================================================
2026-02-28 15:16:13,036 - INFO - OVERFITTING CHECK (Validation vs Test)
2026-02-28 15:16:13,036 - INFO - ==================================================
2026-02-28 15:16:13,036 - WARNING - OVERFITTING DETECTED!
2026-02-28 15:16:13,036 - WARNING -   - MAE shows overfitting
2026-02-28 15:16:13,037 - WARNING -   - MAPE shows overfitting
2026-02-28 15:16:13,037 - INFO - ==================================================
2026-02-28 15:16:13,037 - INFO - WALK FORWARD VALIDATION
2026-02-28 15:16:13,037 - INFO - ==================================================
2026-02-28 15:16:13,037 - INFO - 
--- Window 1/3 ---
2026-02-28 15:16:13,038 - INFO - Window 1: Train=32, Val=5, Test=12
2026-02-28 15:16:13,040 - INFO - Training model: Linear Regression
2026-02-28 15:16:13,043 - INFO -    MAE: 0.00 | RMSE: 0.00 | R²: 1.0000 | MAPE: 0.00%
2026-02-28 15:16:13,043 - INFO -    Weighted Score: 0.00 | Median AE: 0.00
2026-02-28 15:16:13,043 - INFO -    sMAPE: 0.00% | WAPE: 0.00%
2026-02-28 15:16:13,043 - INFO - Training model: Ridge Regression
2026-02-28 15:16:13,045 - INFO -    MAE: 54.80 | RMSE: 77.03 | R²: 0.7822 | MAPE: 0.42%
2026-02-28 15:16:13,045 - INFO -    Weighted Score: 42.93 | Median AE: 35.05
2026-02-28 15:16:13,045 - INFO -    sMAPE: 0.42% | WAPE: 0.42%
2026-02-28 15:16:13,045 - INFO - Training model: Lasso Regression
2026-02-28 15:16:13,047 - INFO -    MAE: 16766.06 | RMSE: 18081.77 | R²: -12003.4175 | MAPE: 128.32%
2026-02-28 15:16:13,047 - INFO -    Weighted Score: 12037.88 | Median AE: 15442.99
2026-02-28 15:16:13,047 - INFO -    sMAPE: 178.57% | WAPE: 128.24%
2026-02-28 15:16:13,048 - INFO - Training model: Random Forest
2026-02-28 15:16:13,472 - INFO -    MAE: 483.27 | RMSE: 510.01 | R²: -8.5503 | MAPE: 3.68%
2026-02-28 15:16:13,472 - INFO -    Weighted Score: 344.74 | Median AE: 407.07
2026-02-28 15:16:13,472 - INFO -    sMAPE: 3.76% | WAPE: 3.70%
2026-02-28 15:16:13,472 - INFO - Training model: Gradient Boosting
2026-02-28 15:16:13,543 - INFO -    MAE: 148.29 | RMSE: 227.92 | R²: -0.9073 | MAPE: 1.12%
2026-02-28 15:16:13,543 - INFO -    Weighted Score: 120.06 | Median AE: 56.00
2026-02-28 15:16:13,544 - INFO -    sMAPE: 1.13% | WAPE: 1.13%
2026-02-28 15:16:13,594 - INFO - Feature Importance (Random Forest):
2026-02-28 15:16:13,594 - INFO -    Week: 0.1557
2026-02-28 15:16:13,595 - INFO -    Prev_Week: 0.0897
2026-02-28 15:16:13,595 - INFO -    MA: 0.1195
2026-02-28 15:16:13,595 - INFO -    Change: 0.4108
2026-02-28 15:16:13,595 - INFO -    Std: 0.0396
2026-02-28 15:16:13,595 - INFO -    Lag2: 0.0197
2026-02-28 15:16:13,595 - INFO -    Lag3: 0.0519
2026-02-28 15:16:13,595 - INFO -    Week_Sin: 0.0861
2026-02-28 15:16:13,595 - INFO -    Week_Cos: 0.0270
2026-02-28 15:16:13,596 - INFO - Feature Importance (Gradient Boosting):
2026-02-28 15:16:13,596 - INFO -    Week: 0.0002
2026-02-28 15:16:13,596 - INFO -    Prev_Week: 0.0001
2026-02-28 15:16:13,597 - INFO -    MA: 0.0001
2026-02-28 15:16:13,597 - INFO -    Change: 0.9995
2026-02-28 15:16:13,597 - INFO -    Std: 0.0000
2026-02-28 15:16:13,597 - INFO -    Lag2: 0.0000
2026-02-28 15:16:13,597 - INFO -    Lag3: 0.0000
2026-02-28 15:16:13,597 - INFO -    Week_Sin: 0.0001
2026-02-28 15:16:13,597 - INFO -    Week_Cos: 0.0000
2026-02-28 15:16:13,598 - INFO - Training time: 0.56 seconds
2026-02-28 15:16:13,598 - INFO - --------------------------------------------------
2026-02-28 15:16:13,598 - INFO - BEST MODEL: Linear Regression (Weighted Score = 0.00)
2026-02-28 15:16:13,598 - INFO - --------------------------------------------------
2026-02-28 15:16:13,599 - INFO - Using stored scaler for Linear Regression
2026-02-28 15:16:13,600 - INFO - ==================================================
2026-02-28 15:16:13,600 - INFO - TEST SET EVALUATION - Linear Regression
2026-02-28 15:16:13,600 - INFO - ==================================================
2026-02-28 15:16:13,600 - INFO - Mean Absolute Error (MAE): 0.00
2026-02-28 15:16:13,600 - INFO - Root Mean Square Error (RMSE): 0.00
2026-02-28 15:16:13,600 - INFO - Coefficient of Determination (R²): 1.0000
2026-02-28 15:16:13,601 - INFO - Mean Absolute Percentage Error (MAPE): 0.00%
2026-02-28 15:16:13,601 - INFO - Median Absolute Error: 0.00
2026-02-28 15:16:13,601 - INFO - sMAPE: 0.00%
2026-02-28 15:16:13,601 - INFO - WAPE: 0.00%
2026-02-28 15:16:13,601 - INFO - ==================================================
2026-02-28 15:16:13,601 - INFO - Test evaluation time: 0.00 seconds
2026-02-28 15:16:13,601 - INFO - 
--- Window 2/3 ---
2026-02-28 15:16:13,602 - INFO - Window 2: Train=27, Val=5, Test=17
2026-02-28 15:16:13,605 - INFO - Training model: Linear Regression
2026-02-28 15:16:13,606 - INFO -    MAE: 0.00 | RMSE: 0.00 | R²: 1.0000 | MAPE: 0.00%
2026-02-28 15:16:13,606 - INFO -    Weighted Score: 0.00 | Median AE: 0.00
2026-02-28 15:16:13,606 - INFO -    sMAPE: 0.00% | WAPE: 0.00%
2026-02-28 15:16:13,607 - INFO - Training model: Ridge Regression
2026-02-28 15:16:13,608 - INFO -    MAE: 8.34 | RMSE: 8.50 | R²: 0.9989 | MAPE: 0.07%
2026-02-28 15:16:13,608 - INFO -    Weighted Score: 5.89 | Median AE: 8.71
2026-02-28 15:16:13,609 - INFO -    sMAPE: 0.07% | WAPE: 0.07%
2026-02-28 15:16:13,609 - INFO - Training model: Lasso Regression
2026-02-28 15:16:13,611 - INFO -    MAE: 13738.73 | RMSE: 16540.25 | R²: -4336.9752 | MAPE: 107.62%
2026-02-28 15:16:13,611 - INFO -    Weighted Score: 10209.70 | Median AE: 12565.57
2026-02-28 15:16:13,611 - INFO -    sMAPE: 144.81% | WAPE: 108.94%
2026-02-28 15:16:13,611 - INFO - Training model: Random Forest
2026-02-28 15:16:14,270 - INFO -    MAE: 769.37 | RMSE: 808.68 | R²: -9.3695 | MAPE: 6.06%
2026-02-28 15:16:14,270 - INFO -    Weighted Score: 548.24 | Median AE: 742.32
2026-02-28 15:16:14,270 - INFO -    sMAPE: 6.27% | WAPE: 6.10%
2026-02-28 15:16:14,271 - INFO - Training model: Gradient Boosting
2026-02-28 15:16:14,314 - INFO -    MAE: 690.56 | RMSE: 733.84 | R²: -7.5389 | MAPE: 5.44%
2026-02-28 15:16:14,315 - INFO -    Weighted Score: 493.68 | Median AE: 662.31
2026-02-28 15:16:14,315 - INFO -    sMAPE: 5.61% | WAPE: 5.48%
2026-02-28 15:16:14,394 - INFO - Feature Importance (Random Forest):
2026-02-28 15:16:14,394 - INFO -    Week: 0.1631
2026-02-28 15:16:14,396 - INFO -    Prev_Week: 0.0925
2026-02-28 15:16:14,396 - INFO -    MA: 0.1145
2026-02-28 15:16:14,396 - INFO -    Change: 0.4093
2026-02-28 15:16:14,396 - INFO -    Std: 0.0411
2026-02-28 15:16:14,396 - INFO -    Lag2: 0.0186
2026-02-28 15:16:14,396 - INFO -    Lag3: 0.0477
2026-02-28 15:16:14,396 - INFO -    Week_Sin: 0.0819
2026-02-28 15:16:14,396 - INFO -    Week_Cos: 0.0314
2026-02-28 15:16:14,397 - INFO - Feature Importance (Gradient Boosting):
2026-02-28 15:16:14,397 - INFO -    Week: 0.0000
2026-02-28 15:16:14,397 - INFO -    Prev_Week: 0.0001
2026-02-28 15:16:14,397 - INFO -    MA: 0.0001
2026-02-28 15:16:14,398 - INFO -    Change: 0.9996
2026-02-28 15:16:14,398 - INFO -    Std: 0.0000
2026-02-28 15:16:14,398 - INFO -    Lag2: 0.0000
2026-02-28 15:16:14,398 - INFO -    Lag3: 0.0000
2026-02-28 15:16:14,398 - INFO -    Week_Sin: 0.0001
2026-02-28 15:16:14,398 - INFO -    Week_Cos: 0.0000
2026-02-28 15:16:14,399 - INFO - Training time: 0.80 seconds
2026-02-28 15:16:14,399 - INFO - --------------------------------------------------
2026-02-28 15:16:14,399 - INFO - BEST MODEL: Linear Regression (Weighted Score = 0.00)
2026-02-28 15:16:14,399 - INFO - --------------------------------------------------
2026-02-28 15:16:14,400 - INFO - Using stored scaler for Linear Regression
2026-02-28 15:16:14,402 - INFO - ==================================================
2026-02-28 15:16:14,402 - INFO - TEST SET EVALUATION - Linear Regression
2026-02-28 15:16:14,402 - INFO - ==================================================
2026-02-28 15:16:14,402 - INFO - Mean Absolute Error (MAE): 0.00
2026-02-28 15:16:14,403 - INFO - Root Mean Square Error (RMSE): 0.00
2026-02-28 15:16:14,403 - INFO - Coefficient of Determination (R²): 1.0000
2026-02-28 15:16:14,403 - INFO - Mean Absolute Percentage Error (MAPE): 0.00%
2026-02-28 15:16:14,403 - INFO - Median Absolute Error: 0.00
2026-02-28 15:16:14,403 - INFO - sMAPE: 0.00%
2026-02-28 15:16:14,403 - INFO - WAPE: 0.00%
2026-02-28 15:16:14,403 - INFO - ==================================================
2026-02-28 15:16:14,404 - INFO - Test evaluation time: 0.01 seconds
2026-02-28 15:16:14,404 - INFO - 
--- Window 3/3 ---
2026-02-28 15:16:14,405 - INFO - Window 3: Train=23, Val=4, Test=22
2026-02-28 15:16:14,407 - INFO - Training model: Linear Regression
2026-02-28 15:16:14,409 - INFO -    MAE: 0.00 | RMSE: 0.00 | R²: 1.0000 | MAPE: 0.00%
2026-02-28 15:16:14,409 - INFO -    Weighted Score: 0.00 | Median AE: 0.00
2026-02-28 15:16:14,409 - INFO -    sMAPE: 0.00% | WAPE: 0.00%
2026-02-28 15:16:14,409 - INFO - Training model: Ridge Regression
2026-02-28 15:16:14,413 - INFO -    MAE: 47.41 | RMSE: 53.01 | R²: 0.9626 | MAPE: 0.41%
2026-02-28 15:16:14,413 - INFO -    Weighted Score: 34.43 | Median AE: 38.90
2026-02-28 15:16:14,413 - INFO -    sMAPE: 0.41% | WAPE: 0.41%
2026-02-28 15:16:14,413 - INFO - Training model: Lasso Regression
2026-02-28 15:16:14,415 - INFO -    MAE: 33770.63 | RMSE: 33880.58 | R²: -15295.5284 | MAPE: 289.03%
2026-02-28 15:16:14,415 - INFO -    Weighted Score: 23748.14 | Median AE: 33100.93
2026-02-28 15:16:14,416 - INFO -    sMAPE: 136.55% | WAPE: 288.50%
2026-02-28 15:16:14,416 - INFO - Training model: Random Forest
2026-02-28 15:16:14,919 - INFO -    MAE: 3479.31 | RMSE: 3481.70 | R²: -160.5373 | MAPE: 29.76%
2026-02-28 15:16:14,919 - INFO -    Weighted Score: 2444.92 | Median AE: 3442.29
2026-02-28 15:16:14,919 - INFO -    sMAPE: 25.90% | WAPE: 29.72%
2026-02-28 15:16:14,919 - INFO - Training model: Gradient Boosting
2026-02-28 15:16:14,929 - INFO -    MAE: 5046.31 | RMSE: 5049.52 | R²: -338.7753 | MAPE: 43.17%
2026-02-28 15:16:14,929 - INFO -    Weighted Score: 3546.01 | Median AE: 4965.81
2026-02-28 15:16:14,929 - INFO -    sMAPE: 35.49% | WAPE: 43.11%
2026-02-28 15:16:14,990 - INFO - Feature Importance (Random Forest):
2026-02-28 15:16:14,990 - INFO -    Week: 0.1463
2026-02-28 15:16:14,990 - INFO -    Prev_Week: 0.0307
2026-02-28 15:16:14,990 - INFO -    MA: 0.0460
2026-02-28 15:16:14,990 - INFO -    Change: 0.4942
2026-02-28 15:16:14,991 - INFO -    Std: 0.0571
2026-02-28 15:16:14,991 - INFO -    Lag2: 0.0187
2026-02-28 15:16:14,991 - INFO -    Lag3: 0.0517
2026-02-28 15:16:14,991 - INFO -    Week_Sin: 0.0523
2026-02-28 15:16:14,991 - INFO -    Week_Cos: 0.1030
2026-02-28 15:16:14,991 - INFO - Feature Importance (Gradient Boosting):
2026-02-28 15:16:14,991 - INFO -    Week: 0.0153
2026-02-28 15:16:14,992 - INFO -    Prev_Week: 0.0000
2026-02-28 15:16:14,992 - INFO -    MA: 0.0405
2026-02-28 15:16:14,992 - INFO -    Change: 0.3176
2026-02-28 15:16:14,992 - INFO -    Std: 0.3465
2026-02-28 15:16:14,992 - INFO -    Lag2: 0.0000
2026-02-28 15:16:14,992 - INFO -    Lag3: 0.0590
2026-02-28 15:16:14,992 - INFO -    Week_Sin: 0.0000
2026-02-28 15:16:14,992 - INFO -    Week_Cos: 0.2210
2026-02-28 15:16:14,993 - INFO - Training time: 0.59 seconds
2026-02-28 15:16:14,993 - INFO - --------------------------------------------------
2026-02-28 15:16:14,993 - INFO - BEST MODEL: Linear Regression (Weighted Score = 0.00)
2026-02-28 15:16:14,993 - INFO - --------------------------------------------------
2026-02-28 15:16:14,994 - INFO - Using stored scaler for Linear Regression
2026-02-28 15:16:14,996 - INFO - ==================================================
2026-02-28 15:16:14,996 - INFO - TEST SET EVALUATION - Linear Regression
2026-02-28 15:16:14,996 - INFO - ==================================================
2026-02-28 15:16:14,996 - INFO - Mean Absolute Error (MAE): 0.00
2026-02-28 15:16:14,996 - INFO - Root Mean Square Error (RMSE): 0.00
2026-02-28 15:16:14,996 - INFO - Coefficient of Determination (R²): 1.0000
2026-02-28 15:16:14,997 - INFO - Mean Absolute Percentage Error (MAPE): 0.00%
2026-02-28 15:16:14,997 - INFO - Median Absolute Error: 0.00
2026-02-28 15:16:14,997 - INFO - sMAPE: 0.00%
2026-02-28 15:16:14,997 - INFO - WAPE: 0.00%
2026-02-28 15:16:14,997 - INFO - ==================================================
2026-02-28 15:16:14,997 - INFO - Test evaluation time: 0.00 seconds
2026-02-28 15:16:14,997 - INFO - 
==================================================
2026-02-28 15:16:14,998 - INFO - WALK FORWARD SUMMARY
2026-02-28 15:16:14,998 - INFO - ==================================================
2026-02-28 15:16:14,998 - INFO - Mean MAE across windows: 0.00 ± 0.00
2026-02-28 15:16:14,998 - INFO - Mean MAPE across windows: 0.00% ± 0.00%
2026-02-28 15:16:14,998 - INFO - Coefficient of Variation (MAE): 0.5220
2026-02-28 15:16:14,998 - INFO - Stability: LOW - High variation across windows
2026-02-28 15:16:15,001 - INFO - Best model saved: c:\Users\maamo\OneDrive\Desktop\AI system for sales and income (weekly) for a small shopbusiness V2 - Copy\outputs\run_20260228_151612\best_model_Linear_Regression.pkl
2026-02-28 15:16:15,145 - ERROR - ERROR: x and y must have same first dimension, but have shapes (12,) and (22,)
2026-02-28 15:16:15,180 - ERROR - Traceback (most recent call last):
  File "c:\Users\maamo\OneDrive\Desktop\AI system for sales and income (weekly) for a small shopbusiness V2 - Copy\src\ai_sales_forecast_v3.py", line 1216, in run_full_pipeline
    self.create_visualizations(test)
  File "c:\Users\maamo\OneDrive\Desktop\AI system for sales and income (weekly) for a small shopbusiness V2 - Copy\src\ai_sales_forecast_v3.py", line 908, in create_visualizations
    ax1.plot(weeks, actual, 'b-o', label='Actual Sales', linewidth=2, markersize=6)
  File "C:\Users\maamo\AppData\Local\Packages\PythonSoftwareFoundation.Python.3.11_qbz5n2kfra8p0\LocalCache\local-packages\Python311\site-packages\matplotlib\axes\_axes.py", line 1777, in plot
    lines = [*self._get_lines(self, *args, data=data, **kwargs)]
            ^^^^^^^^^^^^^^^^^^^^^^^^^^^^^^^^^^^^^^^^^^^^^^^^^^^^
  File "C:\Users\maamo\AppData\Local\Packages\PythonSoftwareFoundation.Python.3.11_qbz5n2kfra8p0\LocalCache\local-packages\Python311\site-packages\matplotlib\axes\_base.py", line 297, in __call__
    yield from self._plot_args(
               ^^^^^^^^^^^^^^^^
  File "C:\Users\maamo\AppData\Local\Packages\PythonSoftwareFoundation.Python.3.11_qbz5n2kfra8p0\LocalCache\local-packages\Python311\site-packages\matplotlib\axes\_base.py", line 494, in _plot_args
    raise ValueError(f"x and y must have same first dimension, but "
ValueError: x and y must have same first dimension, but have shapes (12,) and (22,)

